AGE-SECRET-KEY-1G9Q5ZS2PG9Q5ZS2PG9Q5ZS2PG9Q5ZS2PG9Q5ZS2PG9Q5ZS2PG9QSC006VW