age1g9q5zs2pg9q5zs2pg9q5zs2pg9q5zs2pg9q5zs2pg9q5zs2pg9qstququa